// Vitest Snapshot v1, https://vitest.dev/guide/snapshot.html

exports[`Tests for the 404 Page component > renders snapshot of app component 1`] = `
{
  "asFragment": [Function],
  "baseElement": <body>
    <div>
      <main
        class="_main_b140de"
      >
        <div
          class="_description_b140de"
        >
          <div
            class="_searchSection_a9d8a5"
          >
            <input
              class="_searchInput_a9d8a5"
              data-testid="input-search"
              placeholder="search by name"
              type="search"
              value=""
            />
            <button
              class="_searchButton_a9d8a5"
              data-testid="input-btn"
            >
              <img
                alt="search icon"
                class="_searchIcon_a9d8a5"
                data-nimg="1"
                decoding="async"
                fetchpriority="high"
                height="40"
                src="/_next/image?url=%2Fsrc%2Fassets%2Fsearch.png&w=96&q=75"
                srcset="/_next/image?url=%2Fsrc%2Fassets%2Fsearch.png&w=48&q=75 1x, /_next/image?url=%2Fsrc%2Fassets%2Fsearch.png&w=96&q=75 2x"
                style="color: transparent;"
                width="40"
              />
            </button>
          </div>
          <button
            class="_errorButton_518232"
          >
            Error button
          </button>
        </div>
        <div
          class="cardsWrapper"
        >
          <div
            class="_card_327d43"
            data-testid="card"
          >
            <img
              alt="image character"
              class="_cardImg_327d43"
              src="https://rickandmortyapi.com/api/character/avatar/1.jpeg"
            />
            <h2>
              Rick Sanchez
            </h2>
            <h4>
              species: Human
            </h4>
            <h4>
              gender: Male
            </h4>
            <h4>
              status: Alive
            </h4>
          </div>
          <div
            class="_card_327d43"
            data-testid="card"
          >
            <img
              alt="image character"
              class="_cardImg_327d43"
              src="https://rickandmortyapi.com/api/character/avatar/2.jpeg"
            />
            <h2>
              Morty Smith
            </h2>
            <h4>
              species: Human
            </h4>
            <h4>
              gender: Male
            </h4>
            <h4>
              status: Alive
            </h4>
          </div>
          <div
            class="_card_327d43"
            data-testid="card"
          >
            <img
              alt="image character"
              class="_cardImg_327d43"
              src="https://rickandmortyapi.com/api/character/avatar/1.jpeg"
            />
            <h2>
              Rick Sanchez
            </h2>
            <h4>
              species: Human
            </h4>
            <h4>
              gender: Male
            </h4>
            <h4>
              status: Alive
            </h4>
          </div>
          <div
            class="_card_327d43"
            data-testid="card"
          >
            <img
              alt="image character"
              class="_cardImg_327d43"
              src="https://rickandmortyapi.com/api/character/avatar/2.jpeg"
            />
            <h2>
              Morty Smith
            </h2>
            <h4>
              species: Human
            </h4>
            <h4>
              gender: Male
            </h4>
            <h4>
              status: Alive
            </h4>
          </div>
          <div
            class="_card_327d43"
            data-testid="card"
          >
            <img
              alt="image character"
              class="_cardImg_327d43"
              src="https://rickandmortyapi.com/api/character/avatar/1.jpeg"
            />
            <h2>
              Rick Sanchez
            </h2>
            <h4>
              species: Human
            </h4>
            <h4>
              gender: Male
            </h4>
            <h4>
              status: Alive
            </h4>
          </div>
          <div
            class="_card_327d43"
            data-testid="card"
          >
            <img
              alt="image character"
              class="_cardImg_327d43"
              src="https://rickandmortyapi.com/api/character/avatar/2.jpeg"
            />
            <h2>
              Morty Smith
            </h2>
            <h4>
              species: Human
            </h4>
            <h4>
              gender: Male
            </h4>
            <h4>
              status: Alive
            </h4>
          </div>
          <div
            class="_card_327d43"
            data-testid="card"
          >
            <img
              alt="image character"
              class="_cardImg_327d43"
              src="https://rickandmortyapi.com/api/character/avatar/1.jpeg"
            />
            <h2>
              Rick Sanchez
            </h2>
            <h4>
              species: Human
            </h4>
            <h4>
              gender: Male
            </h4>
            <h4>
              status: Alive
            </h4>
          </div>
          <div
            class="_card_327d43"
            data-testid="card"
          >
            <img
              alt="image character"
              class="_cardImg_327d43"
              src="https://rickandmortyapi.com/api/character/avatar/2.jpeg"
            />
            <h2>
              Morty Smith
            </h2>
            <h4>
              species: Human
            </h4>
            <h4>
              gender: Male
            </h4>
            <h4>
              status: Alive
            </h4>
          </div>
          <div
            class="_card_327d43"
            data-testid="card"
          >
            <img
              alt="image character"
              class="_cardImg_327d43"
              src="https://rickandmortyapi.com/api/character/avatar/1.jpeg"
            />
            <h2>
              Rick Sanchez
            </h2>
            <h4>
              species: Human
            </h4>
            <h4>
              gender: Male
            </h4>
            <h4>
              status: Alive
            </h4>
          </div>
          <div
            class="_card_327d43"
            data-testid="card"
          >
            <img
              alt="image character"
              class="_cardImg_327d43"
              src="https://rickandmortyapi.com/api/character/avatar/2.jpeg"
            />
            <h2>
              Morty Smith
            </h2>
            <h4>
              species: Human
            </h4>
            <h4>
              gender: Male
            </h4>
            <h4>
              status: Alive
            </h4>
          </div>
          <div
            class="_card_327d43"
            data-testid="card"
          >
            <img
              alt="image character"
              class="_cardImg_327d43"
              src="https://rickandmortyapi.com/api/character/avatar/1.jpeg"
            />
            <h2>
              Rick Sanchez
            </h2>
            <h4>
              species: Human
            </h4>
            <h4>
              gender: Male
            </h4>
            <h4>
              status: Alive
            </h4>
          </div>
          <div
            class="_card_327d43"
            data-testid="card"
          >
            <img
              alt="image character"
              class="_cardImg_327d43"
              src="https://rickandmortyapi.com/api/character/avatar/2.jpeg"
            />
            <h2>
              Morty Smith
            </h2>
            <h4>
              species: Human
            </h4>
            <h4>
              gender: Male
            </h4>
            <h4>
              status: Alive
            </h4>
          </div>
          <div
            class="_card_327d43"
            data-testid="card"
          >
            <img
              alt="image character"
              class="_cardImg_327d43"
              src="https://rickandmortyapi.com/api/character/avatar/1.jpeg"
            />
            <h2>
              Rick Sanchez
            </h2>
            <h4>
              species: Human
            </h4>
            <h4>
              gender: Male
            </h4>
            <h4>
              status: Alive
            </h4>
          </div>
          <div
            class="_card_327d43"
            data-testid="card"
          >
            <img
              alt="image character"
              class="_cardImg_327d43"
              src="https://rickandmortyapi.com/api/character/avatar/2.jpeg"
            />
            <h2>
              Morty Smith
            </h2>
            <h4>
              species: Human
            </h4>
            <h4>
              gender: Male
            </h4>
            <h4>
              status: Alive
            </h4>
          </div>
          <div
            class="_card_327d43"
            data-testid="card"
          >
            <img
              alt="image character"
              class="_cardImg_327d43"
              src="https://rickandmortyapi.com/api/character/avatar/1.jpeg"
            />
            <h2>
              Rick Sanchez
            </h2>
            <h4>
              species: Human
            </h4>
            <h4>
              gender: Male
            </h4>
            <h4>
              status: Alive
            </h4>
          </div>
          <div
            class="_card_327d43"
            data-testid="card"
          >
            <img
              alt="image character"
              class="_cardImg_327d43"
              src="https://rickandmortyapi.com/api/character/avatar/2.jpeg"
            />
            <h2>
              Morty Smith
            </h2>
            <h4>
              species: Human
            </h4>
            <h4>
              gender: Male
            </h4>
            <h4>
              status: Alive
            </h4>
          </div>
          <div
            class="_card_327d43"
            data-testid="card"
          >
            <img
              alt="image character"
              class="_cardImg_327d43"
              src="https://rickandmortyapi.com/api/character/avatar/1.jpeg"
            />
            <h2>
              Rick Sanchez
            </h2>
            <h4>
              species: Human
            </h4>
            <h4>
              gender: Male
            </h4>
            <h4>
              status: Alive
            </h4>
          </div>
          <div
            class="_card_327d43"
            data-testid="card"
          >
            <img
              alt="image character"
              class="_cardImg_327d43"
              src="https://rickandmortyapi.com/api/character/avatar/2.jpeg"
            />
            <h2>
              Morty Smith
            </h2>
            <h4>
              species: Human
            </h4>
            <h4>
              gender: Male
            </h4>
            <h4>
              status: Alive
            </h4>
          </div>
          <div
            class="_card_327d43"
            data-testid="card"
          >
            <img
              alt="image character"
              class="_cardImg_327d43"
              src="https://rickandmortyapi.com/api/character/avatar/1.jpeg"
            />
            <h2>
              Rick Sanchez
            </h2>
            <h4>
              species: Human
            </h4>
            <h4>
              gender: Male
            </h4>
            <h4>
              status: Alive
            </h4>
          </div>
          <div
            class="_card_327d43"
            data-testid="card"
          >
            <img
              alt="image character"
              class="_cardImg_327d43"
              src="https://rickandmortyapi.com/api/character/avatar/2.jpeg"
            />
            <h2>
              Morty Smith
            </h2>
            <h4>
              species: Human
            </h4>
            <h4>
              gender: Male
            </h4>
            <h4>
              status: Alive
            </h4>
          </div>
        </div>
        <div
          class="_paginationSection_4a2aa2"
          data-testid="pagination"
        >
          <button
            class="_paginationButton_4a2aa2 disabledButton"
            data-testid="button-prev-page"
            disabled=""
          >
            &lt;
          </button>
          <h4
            class="paginationPage"
          >
            1
             / 
            1
          </h4>
          <button
            class="_paginationButton_4a2aa2 disabledButton"
            data-testid="button-next-page"
            disabled=""
          >
            &gt;
          </button>
          <input
            class="_pageInput_4a2aa2"
            max="20"
            placeholder="max 20 per page"
            type="text"
          />
        </div>
      </main>
    </div>
  </body>,
  "container": <div>
    <main
      class="_main_b140de"
    >
      <div
        class="_description_b140de"
      >
        <div
          class="_searchSection_a9d8a5"
        >
          <input
            class="_searchInput_a9d8a5"
            data-testid="input-search"
            placeholder="search by name"
            type="search"
            value=""
          />
          <button
            class="_searchButton_a9d8a5"
            data-testid="input-btn"
          >
            <img
              alt="search icon"
              class="_searchIcon_a9d8a5"
              data-nimg="1"
              decoding="async"
              fetchpriority="high"
              height="40"
              src="/_next/image?url=%2Fsrc%2Fassets%2Fsearch.png&w=96&q=75"
              srcset="/_next/image?url=%2Fsrc%2Fassets%2Fsearch.png&w=48&q=75 1x, /_next/image?url=%2Fsrc%2Fassets%2Fsearch.png&w=96&q=75 2x"
              style="color: transparent;"
              width="40"
            />
          </button>
        </div>
        <button
          class="_errorButton_518232"
        >
          Error button
        </button>
      </div>
      <div
        class="cardsWrapper"
      >
        <div
          class="_card_327d43"
          data-testid="card"
        >
          <img
            alt="image character"
            class="_cardImg_327d43"
            src="https://rickandmortyapi.com/api/character/avatar/1.jpeg"
          />
          <h2>
            Rick Sanchez
          </h2>
          <h4>
            species: Human
          </h4>
          <h4>
            gender: Male
          </h4>
          <h4>
            status: Alive
          </h4>
        </div>
        <div
          class="_card_327d43"
          data-testid="card"
        >
          <img
            alt="image character"
            class="_cardImg_327d43"
            src="https://rickandmortyapi.com/api/character/avatar/2.jpeg"
          />
          <h2>
            Morty Smith
          </h2>
          <h4>
            species: Human
          </h4>
          <h4>
            gender: Male
          </h4>
          <h4>
            status: Alive
          </h4>
        </div>
        <div
          class="_card_327d43"
          data-testid="card"
        >
          <img
            alt="image character"
            class="_cardImg_327d43"
            src="https://rickandmortyapi.com/api/character/avatar/1.jpeg"
          />
          <h2>
            Rick Sanchez
          </h2>
          <h4>
            species: Human
          </h4>
          <h4>
            gender: Male
          </h4>
          <h4>
            status: Alive
          </h4>
        </div>
        <div
          class="_card_327d43"
          data-testid="card"
        >
          <img
            alt="image character"
            class="_cardImg_327d43"
            src="https://rickandmortyapi.com/api/character/avatar/2.jpeg"
          />
          <h2>
            Morty Smith
          </h2>
          <h4>
            species: Human
          </h4>
          <h4>
            gender: Male
          </h4>
          <h4>
            status: Alive
          </h4>
        </div>
        <div
          class="_card_327d43"
          data-testid="card"
        >
          <img
            alt="image character"
            class="_cardImg_327d43"
            src="https://rickandmortyapi.com/api/character/avatar/1.jpeg"
          />
          <h2>
            Rick Sanchez
          </h2>
          <h4>
            species: Human
          </h4>
          <h4>
            gender: Male
          </h4>
          <h4>
            status: Alive
          </h4>
        </div>
        <div
          class="_card_327d43"
          data-testid="card"
        >
          <img
            alt="image character"
            class="_cardImg_327d43"
            src="https://rickandmortyapi.com/api/character/avatar/2.jpeg"
          />
          <h2>
            Morty Smith
          </h2>
          <h4>
            species: Human
          </h4>
          <h4>
            gender: Male
          </h4>
          <h4>
            status: Alive
          </h4>
        </div>
        <div
          class="_card_327d43"
          data-testid="card"
        >
          <img
            alt="image character"
            class="_cardImg_327d43"
            src="https://rickandmortyapi.com/api/character/avatar/1.jpeg"
          />
          <h2>
            Rick Sanchez
          </h2>
          <h4>
            species: Human
          </h4>
          <h4>
            gender: Male
          </h4>
          <h4>
            status: Alive
          </h4>
        </div>
        <div
          class="_card_327d43"
          data-testid="card"
        >
          <img
            alt="image character"
            class="_cardImg_327d43"
            src="https://rickandmortyapi.com/api/character/avatar/2.jpeg"
          />
          <h2>
            Morty Smith
          </h2>
          <h4>
            species: Human
          </h4>
          <h4>
            gender: Male
          </h4>
          <h4>
            status: Alive
          </h4>
        </div>
        <div
          class="_card_327d43"
          data-testid="card"
        >
          <img
            alt="image character"
            class="_cardImg_327d43"
            src="https://rickandmortyapi.com/api/character/avatar/1.jpeg"
          />
          <h2>
            Rick Sanchez
          </h2>
          <h4>
            species: Human
          </h4>
          <h4>
            gender: Male
          </h4>
          <h4>
            status: Alive
          </h4>
        </div>
        <div
          class="_card_327d43"
          data-testid="card"
        >
          <img
            alt="image character"
            class="_cardImg_327d43"
            src="https://rickandmortyapi.com/api/character/avatar/2.jpeg"
          />
          <h2>
            Morty Smith
          </h2>
          <h4>
            species: Human
          </h4>
          <h4>
            gender: Male
          </h4>
          <h4>
            status: Alive
          </h4>
        </div>
        <div
          class="_card_327d43"
          data-testid="card"
        >
          <img
            alt="image character"
            class="_cardImg_327d43"
            src="https://rickandmortyapi.com/api/character/avatar/1.jpeg"
          />
          <h2>
            Rick Sanchez
          </h2>
          <h4>
            species: Human
          </h4>
          <h4>
            gender: Male
          </h4>
          <h4>
            status: Alive
          </h4>
        </div>
        <div
          class="_card_327d43"
          data-testid="card"
        >
          <img
            alt="image character"
            class="_cardImg_327d43"
            src="https://rickandmortyapi.com/api/character/avatar/2.jpeg"
          />
          <h2>
            Morty Smith
          </h2>
          <h4>
            species: Human
          </h4>
          <h4>
            gender: Male
          </h4>
          <h4>
            status: Alive
          </h4>
        </div>
        <div
          class="_card_327d43"
          data-testid="card"
        >
          <img
            alt="image character"
            class="_cardImg_327d43"
            src="https://rickandmortyapi.com/api/character/avatar/1.jpeg"
          />
          <h2>
            Rick Sanchez
          </h2>
          <h4>
            species: Human
          </h4>
          <h4>
            gender: Male
          </h4>
          <h4>
            status: Alive
          </h4>
        </div>
        <div
          class="_card_327d43"
          data-testid="card"
        >
          <img
            alt="image character"
            class="_cardImg_327d43"
            src="https://rickandmortyapi.com/api/character/avatar/2.jpeg"
          />
          <h2>
            Morty Smith
          </h2>
          <h4>
            species: Human
          </h4>
          <h4>
            gender: Male
          </h4>
          <h4>
            status: Alive
          </h4>
        </div>
        <div
          class="_card_327d43"
          data-testid="card"
        >
          <img
            alt="image character"
            class="_cardImg_327d43"
            src="https://rickandmortyapi.com/api/character/avatar/1.jpeg"
          />
          <h2>
            Rick Sanchez
          </h2>
          <h4>
            species: Human
          </h4>
          <h4>
            gender: Male
          </h4>
          <h4>
            status: Alive
          </h4>
        </div>
        <div
          class="_card_327d43"
          data-testid="card"
        >
          <img
            alt="image character"
            class="_cardImg_327d43"
            src="https://rickandmortyapi.com/api/character/avatar/2.jpeg"
          />
          <h2>
            Morty Smith
          </h2>
          <h4>
            species: Human
          </h4>
          <h4>
            gender: Male
          </h4>
          <h4>
            status: Alive
          </h4>
        </div>
        <div
          class="_card_327d43"
          data-testid="card"
        >
          <img
            alt="image character"
            class="_cardImg_327d43"
            src="https://rickandmortyapi.com/api/character/avatar/1.jpeg"
          />
          <h2>
            Rick Sanchez
          </h2>
          <h4>
            species: Human
          </h4>
          <h4>
            gender: Male
          </h4>
          <h4>
            status: Alive
          </h4>
        </div>
        <div
          class="_card_327d43"
          data-testid="card"
        >
          <img
            alt="image character"
            class="_cardImg_327d43"
            src="https://rickandmortyapi.com/api/character/avatar/2.jpeg"
          />
          <h2>
            Morty Smith
          </h2>
          <h4>
            species: Human
          </h4>
          <h4>
            gender: Male
          </h4>
          <h4>
            status: Alive
          </h4>
        </div>
        <div
          class="_card_327d43"
          data-testid="card"
        >
          <img
            alt="image character"
            class="_cardImg_327d43"
            src="https://rickandmortyapi.com/api/character/avatar/1.jpeg"
          />
          <h2>
            Rick Sanchez
          </h2>
          <h4>
            species: Human
          </h4>
          <h4>
            gender: Male
          </h4>
          <h4>
            status: Alive
          </h4>
        </div>
        <div
          class="_card_327d43"
          data-testid="card"
        >
          <img
            alt="image character"
            class="_cardImg_327d43"
            src="https://rickandmortyapi.com/api/character/avatar/2.jpeg"
          />
          <h2>
            Morty Smith
          </h2>
          <h4>
            species: Human
          </h4>
          <h4>
            gender: Male
          </h4>
          <h4>
            status: Alive
          </h4>
        </div>
      </div>
      <div
        class="_paginationSection_4a2aa2"
        data-testid="pagination"
      >
        <button
          class="_paginationButton_4a2aa2 disabledButton"
          data-testid="button-prev-page"
          disabled=""
        >
          &lt;
        </button>
        <h4
          class="paginationPage"
        >
          1
           / 
          1
        </h4>
        <button
          class="_paginationButton_4a2aa2 disabledButton"
          data-testid="button-next-page"
          disabled=""
        >
          &gt;
        </button>
        <input
          class="_pageInput_4a2aa2"
          max="20"
          placeholder="max 20 per page"
          type="text"
        />
      </div>
    </main>
  </div>,
  "debug": [Function],
  "findAllByAltText": [Function],
  "findAllByDisplayValue": [Function],
  "findAllByLabelText": [Function],
  "findAllByPlaceholderText": [Function],
  "findAllByRole": [Function],
  "findAllByTestId": [Function],
  "findAllByText": [Function],
  "findAllByTitle": [Function],
  "findByAltText": [Function],
  "findByDisplayValue": [Function],
  "findByLabelText": [Function],
  "findByPlaceholderText": [Function],
  "findByRole": [Function],
  "findByTestId": [Function],
  "findByText": [Function],
  "findByTitle": [Function],
  "getAllByAltText": [Function],
  "getAllByDisplayValue": [Function],
  "getAllByLabelText": [Function],
  "getAllByPlaceholderText": [Function],
  "getAllByRole": [Function],
  "getAllByTestId": [Function],
  "getAllByText": [Function],
  "getAllByTitle": [Function],
  "getByAltText": [Function],
  "getByDisplayValue": [Function],
  "getByLabelText": [Function],
  "getByPlaceholderText": [Function],
  "getByRole": [Function],
  "getByTestId": [Function],
  "getByText": [Function],
  "getByTitle": [Function],
  "queryAllByAltText": [Function],
  "queryAllByDisplayValue": [Function],
  "queryAllByLabelText": [Function],
  "queryAllByPlaceholderText": [Function],
  "queryAllByRole": [Function],
  "queryAllByTestId": [Function],
  "queryAllByText": [Function],
  "queryAllByTitle": [Function],
  "queryByAltText": [Function],
  "queryByDisplayValue": [Function],
  "queryByLabelText": [Function],
  "queryByPlaceholderText": [Function],
  "queryByRole": [Function],
  "queryByTestId": [Function],
  "queryByText": [Function],
  "queryByTitle": [Function],
  "rerender": [Function],
  "unmount": [Function],
}
`;
